PS C:\Users\Aluno\Desktop\Nova pasta>  git init
Initialized empty Git repository in C:/Users/Aluno/Desktop/Nova pasta/.git/
PS C:\Users\Aluno\Desktop\Nova pasta> git status
On branch master

No commits yet

Untracked files:
  (use "git add <file>..." to include in what will be committed)
        teste.html

nothing added to commit but untracked files present (use "git add" to track)
PS C:\Users\Aluno\Desktop\Nova pasta> git commit
On branch master

Initial commit

Untracked files:
  (use "git add <file>..." to include in what will be committed)
        teste.html

nothing added to commit but untracked files present (use "git add" to track)
PS C:\Users\Aluno\Desktop\Nova pasta> git add .
PS C:\Users\Aluno\Desktop\Nova pasta> git satus
git: 'satus' is not a git command. See 'git --help'.

The most similar command is
        status
PS C:\Users\Aluno\Desktop\Nova pasta> ^C
PS C:\Users\Aluno\Desktop\Nova pasta> ^C
PS C:\Users\Aluno\Desktop\Nova pasta> ^C
PS C:\Users\Aluno\Desktop\Nova pasta> ^C
PS C:\Users\Aluno\Desktop\Nova pasta> ^C
PS C:\Users\Aluno\Desktop\Nova pasta> git status
On branch master

No commits yet

Changes to be committed:
  (use "git rm --cached <file>..." to unstage)
        new file:   teste.html

PS C:\Users\Aluno\Desktop\Nova pasta>  git commit ""
Aborting commit due to empty commit message.
PS C:\Users\Aluno\Desktop\Nova pasta> git remote add origi  
usage: git remote add [<options>] <name> <url>

    -f, --[no-]fetch      fetch the remote branches
    --[no-]tags           import all tags and associated objects when fetching
                          or do not fetch any tag at all (--no-tags)
    -t, --[no-]track <branch>
                          branch(es) to track
    -m, --[no-]master <branch>
                          master branch
    --[no-]mirror[=(push|fetch)]
                          set up remote as a mirror to push to or fetch from

PS C:\Users\Aluno\Desktop\Nova pasta> git branch
PS C:\Users\Aluno\Desktop\Nova pasta>     
